[www.satyainvisiblegrills.com/indexa86a.html]
[backblue.gif]
[fade.gif]
[index.html]
[www.satyainvisiblegrills.com/feed/index.html]
[www.satyainvisiblegrills.com/index.html]
[www.satyainvisiblegrills.com/comments/feed/index.html]
[www.satyainvisiblegrills.com/wp-includes/js/jquery/jquery.minf43b.js]
[www.satyainvisiblegrills.com/wp-includes/js/jquery/jquery-migrate.min5589.js]
[www.satyainvisiblegrills.com/wp-content/plugins/elementor/assets/lib/font-awesome/js/v4-shims.min7871.js]
[www.satyainvisiblegrills.com/wp-content/plugins/happy-elementor-addons/assets/vendor/dom-purify/purify.min005e.js]
[www.satyainvisiblegrills.com/wp-json/index.html]
[www.satyainvisiblegrills.com/wp-json/wp/v2/pages/4286.json]
[www.satyainvisiblegrills.com/xmlrpc0db0.php]
[www.satyainvisiblegrills.com/wp-json/oembed/1.0/embede79f.json]
[www.satyainvisiblegrills.com/wp-json/oembed/1.0/embed5512]
[www.satyainvisiblegrills.com/wp-content/uploads/2024/02/cropped-logo-1-32x32.png]
[www.satyainvisiblegrills.com/wp-content/uploads/2024/02/cropped-logo-1-192x192.png]
[www.satyainvisiblegrills.com/wp-content/uploads/2024/02/cropped-logo-1-180x180.png]
[www.satyainvisiblegrills.com/wp-content/uploads/2024/02/cropped-logo.png]
[www.satyainvisiblegrills.com/wp-content/uploads/2024/03/IMG-20240320-WA0039-768x1024.jpg]
[www.satyainvisiblegrills.com/contact-us/index.html]
[www.satyainvisiblegrills.com/about-us/index.html]
[www.satyainvisiblegrills.com/invisible-grills/index.html]
[www.satyainvisiblegrills.com/wp-content/uploads/2024/02/ivg.jpg]
[www.satyainvisiblegrills.com/wp-content/uploads/2024/02/bird-spikes.jpg]
[www.satyainvisiblegrills.com/bird-spikes/index.html]
[www.satyainvisiblegrills.com/wp-content/uploads/2024/02/bird-protection-nets.jpg]
[www.satyainvisiblegrills.com/bird-protection-nets/index.html]
[www.satyainvisiblegrills.com/wp-content/uploads/2024/02/un-compromised-view.jpg]
[www.satyainvisiblegrills.com/gallery/index.html]
[www.satyainvisiblegrills.com/wp-content/uploads/2024/02/HARD-LINE-SAFETY-1.jpg]
[www.satyainvisiblegrills.com/wp-content/uploads/2024/02/METICULOUS-DESIGN-1.jpg]
[www.satyainvisiblegrills.com/wp-content/uploads/2024/02/un-compromised-view-1.jpg]
[www.satyainvisiblegrills.com/wp-content/uploads/2024/02/SS-Benefit-Icons-01-250x250-1.png]
[www.satyainvisiblegrills.com/wp-content/uploads/2024/02/SS-Benefit-Icons-02-250x250-1.png]
[www.satyainvisiblegrills.com/wp-content/uploads/2024/02/SS-Benefit-Icons-03-250x250-1.png]
[www.satyainvisiblegrills.com/wp-content/uploads/2024/02/SS-Benefit-Icons-04-250x250-1.png]
[www.satyainvisiblegrills.com/wp-content/uploads/2024/03/IMG-20240320-WA0050.jpg]
[www.satyainvisiblegrills.com/wp-content/uploads/2024/03/IMG-20240320-WA0048.jpg]
[www.satyainvisiblegrills.com/wp-content/uploads/2024/03/IMG-20240320-WA0045.jpg]
[www.satyainvisiblegrills.com/wp-content/uploads/2024/03/IMG-20240320-WA0037.jpg]
[www.satyainvisiblegrills.com/wp-content/uploads/2024/03/l1.jpg]
[www.satyainvisiblegrills.com/wp-content/uploads/2024/03/l2.jpg]
[www.satyainvisiblegrills.com/wp-content/uploads/2024/03/l3.jpg]
[www.satyainvisiblegrills.com/wp-content/uploads/2024/03/l4.jpg]
[www.satyainvisiblegrills.com/wp-content/uploads/2024/03/l5.jpg]
[www.satyainvisiblegrills.com/wp-content/uploads/2022/05/logo1.png]
[www.satyainvisiblegrills.com/wp-content/plugins/chaty/js/cht-front-script.min8003.js]
[www.satyainvisiblegrills.com/wp-content/themes/hello-elementor/assets/js/hello-frontend.minb12b.js]
[www.satyainvisiblegrills.com/wp-content/plugins/elementor-pro/assets/lib/smartmenus/jquery.smartmenus.min1576.js]
[www.satyainvisiblegrills.com/wp-includes/js/imagesloaded.minbb93.js]
[www.satyainvisiblegrills.com/wp-content/plugins/elementor/assets/lib/swiper/v8/swiper.min94a4.js]
[www.satyainvisiblegrills.com/wp-content/plugins/happy-elementor-addons/assets/js/happy-addons.min0fca.js]
[www.satyainvisiblegrills.com/wp-content/plugins/elementor-pro/assets/js/webpack-pro.runtime.mina120.js]
[www.satyainvisiblegrills.com/wp-content/plugins/elementor/assets/js/webpack.runtime.min7871.js]
[www.satyainvisiblegrills.com/wp-content/plugins/elementor/assets/js/frontend-modules.min7871.js]
[www.satyainvisiblegrills.com/wp-includes/js/dist/hooks.min4fdd.js]
[www.satyainvisiblegrills.com/wp-includes/js/dist/i18n.minc33c.js]
[www.satyainvisiblegrills.com/wp-content/plugins/elementor-pro/assets/js/frontend.mina120.js]
[www.satyainvisiblegrills.com/wp-includes/js/jquery/ui/core.minb37e.js]
[www.satyainvisiblegrills.com/wp-content/plugins/elementor/assets/js/frontend.min7871.js]
[www.satyainvisiblegrills.com/wp-content/plugins/elementor-pro/assets/js/elements-handlers.mina120.js]
[www.satyainvisiblegrills.com/indexa86a.html]
[www.satyainvisiblegrills.com/wp-json/oembed/1.0/embedc36a.json]
[www.satyainvisiblegrills.com/wp-json/oembed/1.0/embed0121]
[www.satyainvisiblegrills.com/index.html]
[www.satyainvisiblegrills.com/wp-content/plugins/chaty/images/whatsapp.png]
[www.satyainvisiblegrills.com/wp-content/plugins/chaty/images/whatsapp-welcome-popup.png]
[www.satyainvisiblegrills.com/wp-content/plugins/chaty/images/header-top.png]
[www.satyainvisiblegrills.com/wp-content/plugins/chaty/images/header-bottom.png]
[www.satyainvisiblegrills.com/wp-content/plugins/chaty/css/chaty-front.min8003.css]
[www.satyainvisiblegrills.com/wp-content/themes/hello-elementor/style.minb12b.css]
[www.satyainvisiblegrills.com/wp-content/themes/hello-elementor/theme.minb12b.css]
[www.satyainvisiblegrills.com/wp-content/themes/hello-elementor/header-footer.minb12b.css]
[www.satyainvisiblegrills.com/wp-content/plugins/elementor/assets/css/frontend.min7871.css]
[www.satyainvisiblegrills.com/wp-content/uploads/elementor/css/post-52ca8.css]
[www.satyainvisiblegrills.com/wp-content/plugins/elementor/assets/css/widget-image.min7871.css]
[www.satyainvisiblegrills.com/wp-content/plugins/elementor-pro/assets/css/widget-nav-menu.mina120.css]
[www.satyainvisiblegrills.com/wp-content/plugins/elementor/assets/css/widget-text-editor.min7871.css]
[www.satyainvisiblegrills.com/wp-content/plugins/elementor/assets/css/widget-social-icons.min7871.css]
[www.satyainvisiblegrills.com/wp-content/plugins/elementor/assets/css/conditionals/apple-webkit.min7871.css]
[www.satyainvisiblegrills.com/wp-content/plugins/elementor/assets/css/widget-heading.min7871.css]
[www.satyainvisiblegrills.com/wp-content/plugins/elementor/assets/css/widget-icon-list.min7871.css]
[www.satyainvisiblegrills.com/wp-content/plugins/elementor/assets/css/widget-icon-box.min7871.css]
[www.satyainvisiblegrills.com/wp-content/plugins/elementor/assets/lib/eicons/fonts/eicons6feb.eot]
[www.satyainvisiblegrills.com/wp-content/plugins/elementor/assets/lib/eicons/fonts/eicons6feb.woff2]
[www.satyainvisiblegrills.com/wp-content/plugins/elementor/assets/lib/eicons/fonts/eicons6feb.woff]
[www.satyainvisiblegrills.com/wp-content/plugins/elementor/assets/lib/eicons/fonts/eicons6feb.ttf]
[www.satyainvisiblegrills.com/wp-content/plugins/elementor/assets/lib/eicons/css/elementor-icons.minf25c.css]
[www.satyainvisiblegrills.com/wp-content/plugins/elementor-pro/assets/css/frontend.mina120.css]
[www.satyainvisiblegrills.com/wp-content/plugins/elementor/assets/lib/font-awesome/webfonts/fa-brands-400.eot]
[www.satyainvisiblegrills.com/wp-content/plugins/elementor/assets/lib/font-awesome/webfonts/fa-brands-400d41d.eot]
[www.satyainvisiblegrills.com/wp-content/plugins/elementor/assets/lib/font-awesome/webfonts/fa-brands-400.woff2]
[www.satyainvisiblegrills.com/wp-content/plugins/elementor/assets/lib/font-awesome/webfonts/fa-brands-400.woff]
[www.satyainvisiblegrills.com/wp-content/plugins/elementor/assets/lib/font-awesome/webfonts/fa-brands-400.ttf]
[www.satyainvisiblegrills.com/wp-content/plugins/elementor/assets/lib/font-awesome/webfonts/fa-regular-400.eot]
[www.satyainvisiblegrills.com/wp-content/plugins/elementor/assets/lib/font-awesome/webfonts/fa-regular-400d41d.eot]
[www.satyainvisiblegrills.com/wp-content/plugins/elementor/assets/lib/font-awesome/webfonts/fa-regular-400.woff2]
[www.satyainvisiblegrills.com/wp-content/plugins/elementor/assets/lib/font-awesome/webfonts/fa-regular-400.woff]
[www.satyainvisiblegrills.com/wp-content/plugins/elementor/assets/lib/font-awesome/webfonts/fa-regular-400.ttf]
[www.satyainvisiblegrills.com/wp-content/plugins/elementor/assets/lib/font-awesome/webfonts/fa-solid-900.eot]
[www.satyainvisiblegrills.com/wp-content/plugins/elementor/assets/lib/font-awesome/webfonts/fa-solid-900d41d.eot]
[www.satyainvisiblegrills.com/wp-content/plugins/elementor/assets/lib/font-awesome/webfonts/fa-solid-900.woff2]
[www.satyainvisiblegrills.com/wp-content/plugins/elementor/assets/lib/font-awesome/webfonts/fa-solid-900.woff]
[www.satyainvisiblegrills.com/wp-content/plugins/elementor/assets/lib/font-awesome/webfonts/fa-solid-900.ttf]
[www.satyainvisiblegrills.com/wp-content/plugins/elementor/assets/lib/font-awesome/css/all.min7871.css]
[www.satyainvisiblegrills.com/wp-content/plugins/elementor/assets/lib/font-awesome/css/v4-shims.min7871.css]
[www.satyainvisiblegrills.com/wp-content/plugins/elementor/assets/lib/animations/styles/fadeInUp.min7871.css]
[www.satyainvisiblegrills.com/wp-content/plugins/elementor/assets/lib/swiper/v8/css/swiper.min94a4.css]
[www.satyainvisiblegrills.com/wp-content/plugins/elementor/assets/css/conditionals/e-swiper.min7871.css]
[www.satyainvisiblegrills.com/wp-content/plugins/elementor-pro/assets/css/widget-slides.mina120.css]
[www.satyainvisiblegrills.com/wp-content/plugins/elementor/assets/lib/animations/styles/zoomIn.min7871.css]
[www.satyainvisiblegrills.com/wp-content/plugins/elementor/assets/lib/animations/styles/zoomInUp.min7871.css]
[www.satyainvisiblegrills.com/wp-content/plugins/elementor/assets/lib/animations/styles/fadeIn.min7871.css]
[www.satyainvisiblegrills.com/wp-content/plugins/elementor/assets/css/widget-image-carousel.min7871.css]
[www.satyainvisiblegrills.com/wp-content/plugins/elementor-pro/assets/css/widget-carousel.mina120.css]
[www.satyainvisiblegrills.com/wp-content/plugins/elementor-pro/assets/css/widget-forms.mina120.css]
[www.satyainvisiblegrills.com/wp-content/plugins/elementor/assets/lib/flatpickr/flatpickr.min4e7f.css]
[www.satyainvisiblegrills.com/wp-content/uploads/2024/04/banner3.jpg]
[www.satyainvisiblegrills.com/wp-content/uploads/elementor/css/post-428621bf.css]
[www.satyainvisiblegrills.com/wp-content/uploads/elementor/css/post-429221bf.css]
[www.satyainvisiblegrills.com/wp-content/plugins/happy-elementor-addons/assets/fonts/happy-icons.woff2]
[www.satyainvisiblegrills.com/wp-content/plugins/happy-elementor-addons/assets/fonts/happy-icons.woff]
[www.satyainvisiblegrills.com/wp-content/plugins/happy-elementor-addons/assets/fonts/style.min0fca.css]
[www.satyainvisiblegrills.com/wp-content/plugins/elementor/assets/lib/font-awesome/fonts/fontawesome-webfont3e6e.eot]
[www.satyainvisiblegrills.com/wp-content/plugins/elementor/assets/lib/font-awesome/fonts/fontawesome-webfontd41d.eot]
[www.satyainvisiblegrills.com/wp-content/plugins/elementor/assets/lib/font-awesome/fonts/fontawesome-webfont3e6e.woff2]
[www.satyainvisiblegrills.com/wp-content/plugins/elementor/assets/lib/font-awesome/fonts/fontawesome-webfont3e6e.woff]
[www.satyainvisiblegrills.com/wp-content/plugins/elementor/assets/lib/font-awesome/fonts/fontawesome-webfont3e6e.ttf]
[www.satyainvisiblegrills.com/wp-content/plugins/elementor/assets/lib/font-awesome/css/font-awesome.min1849.css]
[www.satyainvisiblegrills.com/wp-content/uploads/2022/05/footer-map.png]
[www.satyainvisiblegrills.com/wp-content/uploads/elementor/css/post-443621bf.css]
[www.satyainvisiblegrills.com/wp-content/uploads/happyaddons/css/ha-42866c37.css]
[www.satyainvisiblegrills.com/wp-json/wp/v2/pages/6014.json]
[www.satyainvisiblegrills.com/wp-json/oembed/1.0/embede20b.json]
[www.satyainvisiblegrills.com/wp-json/oembed/1.0/embed6d30]
[www.satyainvisiblegrills.com/contact-us/index.html]
[www.satyainvisiblegrills.com/wp-json/wp/v2/pages/5910.json]
[www.satyainvisiblegrills.com/wp-json/oembed/1.0/embed7b16.json]
[www.satyainvisiblegrills.com/wp-json/oembed/1.0/embeddde2]
[www.satyainvisiblegrills.com/wp-content/uploads/2024/02/about.png]
[www.satyainvisiblegrills.com/about-us/index.html]
[www.satyainvisiblegrills.com/wp-json/wp/v2/pages/5925.json]
[www.satyainvisiblegrills.com/wp-json/oembed/1.0/embed91a6.json]
[www.satyainvisiblegrills.com/wp-json/oembed/1.0/embedb402]
[www.satyainvisiblegrills.com/wp-content/uploads/2024/02/2.jpg]
[www.satyainvisiblegrills.com/invisible-grills/index.html]
[www.satyainvisiblegrills.com/wp-json/wp/v2/pages/5965.json]
[www.satyainvisiblegrills.com/wp-json/oembed/1.0/embed8184.json]
[www.satyainvisiblegrills.com/wp-json/oembed/1.0/embed3a93]
[www.satyainvisiblegrills.com/wp-content/uploads/2024/02/ss.jpg]
[www.satyainvisiblegrills.com/bird-spikes/index.html]
[www.satyainvisiblegrills.com/wp-json/wp/v2/pages/5982.json]
[www.satyainvisiblegrills.com/wp-json/oembed/1.0/embed2699.json]
[www.satyainvisiblegrills.com/wp-json/oembed/1.0/embed3024]
[www.satyainvisiblegrills.com/wp-content/uploads/2024/02/bb.jpg]
[www.satyainvisiblegrills.com/bird-protection-nets/index.html]
[www.satyainvisiblegrills.com/wp-json/wp/v2/pages/6005.json]
[www.satyainvisiblegrills.com/wp-json/oembed/1.0/embed3e1f.json]
[www.satyainvisiblegrills.com/wp-json/oembed/1.0/embed0918]
[www.satyainvisiblegrills.com/wp-content/uploads/2024/03/IMG-20240320-WA0021.jpg]
[www.satyainvisiblegrills.com/wp-content/uploads/2024/03/IMG-20240320-WA0024.jpg]
[www.satyainvisiblegrills.com/wp-content/uploads/2024/03/IMG-20240320-WA0027.jpg]
[www.satyainvisiblegrills.com/wp-content/uploads/2024/03/IMG-20240320-WA0028.jpg]
[www.satyainvisiblegrills.com/wp-content/uploads/2024/03/IMG-20240320-WA0029.jpg]
[www.satyainvisiblegrills.com/wp-content/uploads/2024/03/IMG-20240320-WA0030.jpg]
[www.satyainvisiblegrills.com/wp-content/uploads/2024/03/IMG-20240320-WA0031.jpg]
[www.satyainvisiblegrills.com/wp-content/uploads/2024/03/IMG-20240320-WA0032.jpg]
[www.satyainvisiblegrills.com/wp-content/uploads/2024/03/IMG-20240320-WA0033.jpg]
[www.satyainvisiblegrills.com/wp-content/uploads/2024/03/IMG-20240320-WA0034.jpg]
[www.satyainvisiblegrills.com/wp-content/uploads/2024/03/IMG-20240320-WA0035.jpg]
[www.satyainvisiblegrills.com/wp-content/uploads/2024/03/IMG-20240320-WA0036.jpg]
[www.satyainvisiblegrills.com/wp-content/uploads/2024/03/IMG-20240320-WA0038.jpg]
[www.satyainvisiblegrills.com/wp-content/uploads/2024/03/IMG-20240320-WA0039.jpg]
[www.satyainvisiblegrills.com/wp-content/uploads/2024/03/IMG-20240320-WA0040.jpg]
[www.satyainvisiblegrills.com/wp-content/uploads/2024/03/IMG-20240320-WA0041.jpg]
[www.satyainvisiblegrills.com/wp-content/uploads/2024/03/IMG-20240320-WA0042.jpg]
[www.satyainvisiblegrills.com/wp-content/uploads/2024/03/IMG-20240320-WA0043.jpg]
[www.satyainvisiblegrills.com/wp-content/uploads/2024/03/IMG-20240320-WA0044.jpg]
[www.satyainvisiblegrills.com/wp-content/uploads/2024/03/IMG-20240320-WA0046.jpg]
[www.satyainvisiblegrills.com/wp-content/uploads/2024/03/IMG-20240320-WA0047.jpg]
[www.satyainvisiblegrills.com/wp-content/uploads/2024/03/IMG-20240320-WA0049.jpg]
[www.satyainvisiblegrills.com/wp-content/uploads/2024/03/IMG-20240320-WA0051.jpg]
[www.satyainvisiblegrills.com/wp-content/plugins/elementor/assets/lib/e-gallery/js/e-gallery.min7359.js]
[www.satyainvisiblegrills.com/gallery/index.html]
[kit.fontawesome.com/763abb91dca120.html]
[www.satyainvisiblegrills.com/wp-content/plugins/elementor/assets/lib/eicons/fonts/eicons6feb.svg]
[www.satyainvisiblegrills.com/wp-content/plugins/elementor/assets/lib/font-awesome/webfonts/fa-brands-400.svg]
[www.satyainvisiblegrills.com/wp-content/plugins/elementor/assets/lib/font-awesome/webfonts/fa-regular-400.svg]
[www.satyainvisiblegrills.com/wp-content/plugins/elementor/assets/lib/font-awesome/webfonts/fa-solid-900.svg]
[www.satyainvisiblegrills.com/wp-content/plugins/happy-elementor-addons/assets/fonts/happy-icons.svg]
[www.satyainvisiblegrills.com/wp-content/plugins/elementor/assets/lib/font-awesome/fonts/fontawesome-webfont3e6e.svg]
[www.satyainvisiblegrills.com/wp-content/plugins/elementor/assets/css/widget-divider.min7871.css]
[www.satyainvisiblegrills.com/wp-content/uploads/2024/02/e832aa_b34250f79b0540589265660c2e66aa50mv2.webp]
[www.satyainvisiblegrills.com/wp-content/uploads/elementor/css/post-601404a4.css]
[www.satyainvisiblegrills.com/indexde34.html]
[www.satyainvisiblegrills.com/wp-content/uploads/elementor/css/post-59109ca4.css]
[www.satyainvisiblegrills.com/indexe5c5.html]
[www.satyainvisiblegrills.com/wp-content/uploads/elementor/css/post-59256330.css]
[www.satyainvisiblegrills.com/index6e3b.html]
[www.satyainvisiblegrills.com/wp-content/uploads/elementor/css/post-5965e75f.css]
[www.satyainvisiblegrills.com/indexdfb8.html]
[www.satyainvisiblegrills.com/wp-content/uploads/elementor/css/post-5982edaa.css]
[www.satyainvisiblegrills.com/indexe513.html]
[www.satyainvisiblegrills.com/wp-content/plugins/elementor-pro/assets/css/widget-gallery.mina120.css]
[www.satyainvisiblegrills.com/wp-content/plugins/elementor/assets/lib/e-gallery/css/e-gallery.min7359.css]
[www.satyainvisiblegrills.com/wp-content/uploads/elementor/css/post-600560a2.css]
[www.satyainvisiblegrills.com/indexd830.html]
